../../Drivers/CMSIS/Include/core_cm7.h:2660:26:ITM_SendChar	16	static,ignoring_inline_asm
../Core/Src/main.c:138:6:SWD_Init	4	static
../Core/Src/main.c:171:5:__io_putchar	16	static
../Core/Src/main.c:178:6:myprintf	16	static
../Core/Src/main.c:191:6:myprintf2	16	static
../Core/Src/main.c:210:13:PeakDetectnEdge	32	static
../Core/Src/main.c:264:13:MovingAvg	16	static
../Core/Src/main.c:290:6:HAL_UART_RxCpltCallback	16	static
../Core/Src/main.c:316:5:main	40	static
../Core/Src/main.c:421:6:SystemClock_Config	120	static
../Core/Src/main.c:481:13:MX_ADC1_Init	48	static
../Core/Src/main.c:558:13:MX_ETH_Init	8	static
../Core/Src/main.c:607:13:MX_RTC_Init	32	static
../Core/Src/main.c:678:13:MX_USART3_UART_Init	8	static
../Core/Src/main.c:726:13:MX_USB_OTG_FS_PCD_Init	8	static
../Core/Src/main.c:760:13:MX_DMA_Init	16	static
../Core/Src/main.c:778:13:MX_GPIO_Init	32	static
../Core/Src/main.c:798:6:HAL_ADC_ConvCpltCallback	16	static
../Core/Src/main.c:853:13:MX_LPUART1_UART_Init	8	static
../Core/Src/main.c:896:13:TransferDataADC	48	static
../Core/Src/main.c:976:6:printBuffers	32	static
../Core/Src/main.c:992:6:Error_Handler	4	static,ignoring_inline_asm
